2025-08-29 18:04:38,471 - INFO - __main__ - run_simulation - Starting simulation for 15 seconds with intensity 10...
2025-08-29 18:04:38,471 - DEBUG - services.network_client - request - Making request to http://external-api.com/data
2025-08-29 18:04:38,543 - INFO - services.network_client - request - Request to http://external-api.com/data completed successfully. Response time: 70.08 ms
2025-08-29 18:04:38,543 - DEBUG - services.user_service - get_user - Attempting to fetch user 2673
2025-08-29 18:04:38,603 - INFO - services.user_service - get_user - User 2673 fetched successfully. Response time: 60.28 ms
2025-08-29 18:04:38,604 - DEBUG - services.payment_service - process_payment - Attempting payment of 484.8132762620214 for user 1539
2025-08-29 18:04:38,728 - INFO - services.payment_service - process_payment - Payment of 484.8132762620214 for user 1539 processed successfully. Response time: 124.69 ms
2025-08-29 18:04:38,728 - DEBUG - services.payment_service - refund_payment - Attempting refund for transaction txn_20064
2025-08-29 18:04:38,822 - INFO - services.payment_service - refund_payment - Refund for transaction txn_20064 processed.
2025-08-29 18:04:38,822 - DEBUG - services.network_client - request - Making request to http://external-api.com/data
2025-08-29 18:04:38,868 - INFO - services.network_client - request - Request to http://external-api.com/data completed successfully. Response time: 46.10 ms
2025-08-29 18:04:38,868 - DEBUG - services.payment_service - process_payment - Attempting payment of 304.2584770263981 for user 4218
2025-08-29 18:04:38,962 - INFO - services.payment_service - process_payment - Payment of 304.2584770263981 for user 4218 processed successfully. Response time: 93.66 ms
2025-08-29 18:04:38,962 - DEBUG - services.db_connector - query - Executing query: UPDATE payments SET status='OK' WHERE id = %s...
2025-08-29 18:04:38,992 - INFO - services.db_connector - query - Query executed successfully.
2025-08-29 18:04:38,992 - DEBUG - services.user_service - get_user - Attempting to fetch user 4769
2025-08-29 18:04:39,038 - INFO - services.user_service - get_user - User 4769 fetched successfully. Response time: 46.12 ms
2025-08-29 18:04:39,038 - DEBUG - services.user_service - get_user - Attempting to fetch user 3386
2025-08-29 18:04:39,084 - INFO - services.user_service - get_user - User 3386 fetched successfully. Response time: 45.46 ms
2025-08-29 18:04:39,084 - DEBUG - services.network_client - request - Making request to http://external-api.com/data
2025-08-29 18:04:39,162 - INFO - services.network_client - request - Request to http://external-api.com/data completed successfully. Response time: 78.47 ms
2025-08-29 18:04:39,193 - DEBUG - services.db_connector - query - Executing query: UPDATE payments SET status='OK' WHERE id = %s...
2025-08-29 18:04:39,224 - INFO - services.db_connector - query - Query executed successfully.
2025-08-29 18:04:39,224 - DEBUG - services.user_service - update_profile - Attempting to update profile for user 4251 with data: {'pref': 'light'}
2025-08-29 18:04:39,270 - INFO - services.user_service - update_profile - Profile for user 4251 updated successfully.
2025-08-29 18:04:39,270 - DEBUG - services.payment_service - refund_payment - Attempting refund for transaction txn_94442
2025-08-29 18:04:39,363 - INFO - services.payment_service - refund_payment - Refund for transaction txn_94442 processed.
2025-08-29 18:04:39,363 - DEBUG - services.user_service - update_profile - Attempting to update profile for user 4953 with data: {'pref': 'light'}
2025-08-29 18:04:39,410 - INFO - services.user_service - update_profile - Profile for user 4953 updated successfully.
2025-08-29 18:04:39,410 - DEBUG - services.payment_service - process_payment - Attempting payment of 166.47048813342897 for user 4239
2025-08-29 18:04:39,488 - ERROR - services.payment_service - process_payment - Critical failure during payment processing for user 4239
Traceback (most recent call last):
  File "D:\Agent LogAI\Agentic-LogAI-Debugger\simulator\log_generator\services\payment_service.py", line 20, in process_payment
    _ = config['api_key'] # Raises TypeError
TypeError: 'NoneType' object is not subscriptable
2025-08-29 18:04:39,491 - DEBUG - services.db_connector - query - Executing query: UPDATE payments SET status='OK' WHERE id = %s...
2025-08-29 18:04:39,519 - ERROR - services.db_connector - query - Lost database connection unexpectedly.
2025-08-29 18:04:39,519 - WARNING - services.db_connector - check_connection - Database connection check failed: Still unhealthy.
2025-08-29 18:04:39,519 - DEBUG - services.db_connector - query - Executing query: UPDATE payments SET status='OK' WHERE id = %s...
2025-08-29 18:04:39,550 - ERROR - services.db_connector - query - Database connection error during query execution.
2025-08-29 18:04:39,550 - DEBUG - services.payment_service - process_payment - Attempting payment of 20.82741311972594 for user 2478
2025-08-29 18:04:39,643 - INFO - services.payment_service - process_payment - Payment of 20.82741311972594 for user 2478 processed successfully. Response time: 92.60 ms
2025-08-29 18:04:39,643 - DEBUG - services.db_connector - query - Executing query: UPDATE payments SET status='OK' WHERE id = %s...
2025-08-29 18:04:39,689 - ERROR - services.db_connector - query - Database connection error during query execution.
2025-08-29 18:04:39,705 - DEBUG - services.user_service - get_user - Attempting to fetch user 1440
2025-08-29 18:04:39,752 - INFO - services.user_service - get_user - User 1440 fetched successfully. Response time: 46.73 ms
2025-08-29 18:04:39,752 - DEBUG - services.user_service - update_profile - Attempting to update profile for user 1752 with data: {'pref': 'system'}
2025-08-29 18:04:39,830 - INFO - services.user_service - update_profile - Profile for user 1752 updated successfully.
2025-08-29 18:04:39,830 - DEBUG - services.payment_service - refund_payment - Attempting refund for transaction txn_49474
2025-08-29 18:04:39,876 - INFO - services.payment_service - refund_payment - Refund for transaction txn_49474 processed.
2025-08-29 18:04:39,876 - INFO - services.db_connector - check_connection - Database connection check successful: Connection restored.
2025-08-29 18:04:39,876 - DEBUG - services.user_service - get_user - Attempting to fetch user 2442
2025-08-29 18:04:39,939 - INFO - services.user_service - get_user - User 2442 fetched successfully. Response time: 63.63 ms
2025-08-29 18:04:39,939 - DEBUG - services.network_client - request - Making request to http://external-api.com/data
2025-08-29 18:04:40,020 - INFO - services.network_client - request - Request to http://external-api.com/data completed successfully. Response time: 80.01 ms
2025-08-29 18:04:40,020 - DEBUG - services.payment_service - process_payment - Attempting payment of 212.09859825867412 for user 4785
2025-08-29 18:04:40,177 - INFO - services.payment_service - process_payment - Payment of 212.09859825867412 for user 4785 processed successfully. Response time: 157.62 ms
2025-08-29 18:04:40,177 - DEBUG - services.db_connector - check_connection - Database connection check successful: Connection healthy.
2025-08-29 18:04:40,178 - DEBUG - services.payment_service - process_payment - Attempting payment of 376.33221785179586 for user 3710
2025-08-29 18:04:40,239 - INFO - services.payment_service - process_payment - Payment of 376.33221785179586 for user 3710 processed successfully. Response time: 60.59 ms
2025-08-29 18:04:40,239 - DEBUG - services.payment_service - process_payment - Attempting payment of 272.3900182072388 for user 3500
2025-08-29 18:04:40,395 - ERROR - services.payment_service - process_payment - Critical failure during payment processing for user 3500
Traceback (most recent call last):
  File "D:\Agent LogAI\Agentic-LogAI-Debugger\simulator\log_generator\services\payment_service.py", line 20, in process_payment
    _ = config['api_key'] # Raises TypeError
TypeError: 'NoneType' object is not subscriptable
2025-08-29 18:04:40,410 - DEBUG - services.user_service - get_user - Attempting to fetch user 1178
2025-08-29 18:04:40,440 - INFO - services.user_service - get_user - User 1178 fetched successfully. Response time: 30.40 ms
2025-08-29 18:04:40,441 - DEBUG - services.payment_service - refund_payment - Attempting refund for transaction txn_31998
2025-08-29 18:04:40,532 - INFO - services.payment_service - refund_payment - Refund for transaction txn_31998 processed.
2025-08-29 18:04:40,532 - DEBUG - services.user_service - get_user - Attempting to fetch user 2935
2025-08-29 18:04:40,580 - INFO - services.user_service - get_user - User 2935 fetched successfully. Response time: 47.57 ms
2025-08-29 18:04:40,580 - DEBUG - services.payment_service - process_payment - Attempting payment of 368.6650028108523 for user 3572
2025-08-29 18:04:40,688 - INFO - services.payment_service - process_payment - Payment of 368.6650028108523 for user 3572 processed successfully. Response time: 107.77 ms
2025-08-29 18:04:40,688 - DEBUG - services.network_client - request - Making request to http://config-server/status
2025-08-29 18:04:40,734 - INFO - services.network_client - request - Request to http://config-server/status completed successfully. Response time: 46.40 ms
2025-08-29 18:04:40,734 - DEBUG - services.db_connector - query - Executing query: INSERT INTO audit(event) VALUES('login')...
2025-08-29 18:04:40,780 - INFO - services.db_connector - query - Query executed successfully.
2025-08-29 18:04:40,780 - DEBUG - services.user_service - get_user - Attempting to fetch user 4206
2025-08-29 18:04:40,841 - INFO - services.user_service - get_user - User 4206 fetched successfully. Response time: 61.51 ms
2025-08-29 18:04:40,843 - DEBUG - services.payment_service - process_payment - Attempting payment of 184.3830107852226 for user 4885
2025-08-29 18:04:40,919 - INFO - services.payment_service - process_payment - Payment of 184.3830107852226 for user 4885 processed successfully. Response time: 76.61 ms
2025-08-29 18:04:40,919 - DEBUG - services.network_client - request - Making request to http://partner-service.net/info
2025-08-29 18:04:40,997 - INFO - services.network_client - request - Request to http://partner-service.net/info completed successfully. Response time: 77.98 ms
2025-08-29 18:04:40,997 - DEBUG - services.user_service - get_user - Attempting to fetch user 3634
2025-08-29 18:04:41,044 - INFO - services.user_service - get_user - User 3634 fetched successfully. Response time: 46.89 ms
2025-08-29 18:04:41,059 - DEBUG - services.user_service - get_user - Attempting to fetch user 1453
2025-08-29 18:04:41,106 - INFO - services.user_service - get_user - User 1453 fetched successfully. Response time: 46.22 ms
2025-08-29 18:04:41,107 - DEBUG - services.user_service - update_profile - Attempting to update profile for user 1621 with data: {'pref': 'system'}
2025-08-29 18:04:41,183 - INFO - services.user_service - update_profile - Profile for user 1621 updated successfully.
2025-08-29 18:04:41,183 - DEBUG - services.db_connector - check_connection - Database connection check successful: Connection healthy.
2025-08-29 18:04:41,183 - DEBUG - services.payment_service - refund_payment - Attempting refund for transaction txn_49990
2025-08-29 18:04:41,246 - INFO - services.payment_service - refund_payment - Refund for transaction txn_49990 processed.
2025-08-29 18:04:41,246 - DEBUG - services.user_service - update_profile - Attempting to update profile for user 4759 with data: {'pref': 'dark'}
2025-08-29 18:04:41,277 - INFO - services.user_service - update_profile - Profile for user 4759 updated successfully.
2025-08-29 18:04:41,277 - DEBUG - services.payment_service - process_payment - Attempting payment of 319.96481255905275 for user 3087
2025-08-29 18:04:41,432 - INFO - services.payment_service - process_payment - Payment of 319.96481255905275 for user 3087 processed successfully. Response time: 154.63 ms
2025-08-29 18:04:41,432 - DEBUG - services.db_connector - query - Executing query: SELECT * FROM users WHERE id = %s...
2025-08-29 18:04:41,493 - INFO - services.db_connector - query - Query executed successfully.
2025-08-29 18:04:41,494 - DEBUG - services.network_client - request - Making request to http://config-server/status
2025-08-29 18:04:41,601 - INFO - services.network_client - request - Request to http://config-server/status completed successfully. Response time: 107.88 ms
2025-08-29 18:04:41,601 - DEBUG - services.payment_service - refund_payment - Attempting refund for transaction txn_70557
2025-08-29 18:04:41,648 - INFO - services.payment_service - refund_payment - Refund for transaction txn_70557 processed.
2025-08-29 18:04:41,648 - DEBUG - services.user_service - get_user - Attempting to fetch user 1647
2025-08-29 18:04:41,695 - INFO - services.user_service - get_user - User 1647 fetched successfully. Response time: 47.55 ms
2025-08-29 18:04:41,726 - DEBUG - services.network_client - request - Making request to http://partner-service.net/info
2025-08-29 18:04:41,803 - INFO - services.network_client - request - Request to http://partner-service.net/info completed successfully. Response time: 76.68 ms
2025-08-29 18:04:41,803 - DEBUG - services.payment_service - process_payment - Attempting payment of 433.7923540938199 for user 3635
2025-08-29 18:04:41,897 - INFO - services.payment_service - process_payment - Payment of 433.7923540938199 for user 3635 processed successfully. Response time: 93.71 ms
2025-08-29 18:04:41,897 - DEBUG - services.payment_service - process_payment - Attempting payment of 467.3471966267643 for user 3968
2025-08-29 18:04:42,020 - INFO - services.payment_service - process_payment - Payment of 467.3471966267643 for user 3968 processed successfully. Response time: 123.73 ms
2025-08-29 18:04:42,020 - DEBUG - services.db_connector - query - Executing query: SELECT * FROM users WHERE id = %s...
2025-08-29 18:04:42,082 - INFO - services.db_connector - query - Query executed successfully.
2025-08-29 18:04:42,082 - DEBUG - services.network_client - request - Making request to http://config-server/status
2025-08-29 18:04:42,438 - WARNING - services.network_client - request - High latency detected for request to http://config-server/status. Response time: 355.49 ms
2025-08-29 18:04:42,438 - DEBUG - services.user_service - update_profile - Attempting to update profile for user 2558 with data: {'pref': 'light'}
2025-08-29 18:04:42,468 - INFO - services.user_service - update_profile - Profile for user 2558 updated successfully.
2025-08-29 18:04:42,469 - DEBUG - services.payment_service - refund_payment - Attempting refund for transaction txn_37655
2025-08-29 18:04:42,532 - INFO - services.payment_service - refund_payment - Refund for transaction txn_37655 processed.
2025-08-29 18:04:42,532 - DEBUG - services.db_connector - query - Executing query: INSERT INTO audit(event) VALUES('login')...
2025-08-29 18:04:42,593 - INFO - services.db_connector - query - Query executed successfully.
2025-08-29 18:04:42,594 - DEBUG - services.db_connector - query - Executing query: SELECT * FROM users WHERE id = %s...
2025-08-29 18:04:42,641 - INFO - services.db_connector - query - Query executed successfully.
2025-08-29 18:04:42,642 - DEBUG - services.network_client - request - Making request to http://external-api.com/data
2025-08-29 18:04:42,702 - INFO - services.network_client - request - Request to http://external-api.com/data completed successfully. Response time: 60.80 ms
2025-08-29 18:04:42,717 - DEBUG - services.user_service - get_user - Attempting to fetch user 3652
2025-08-29 18:04:42,733 - INFO - services.user_service - get_user - User 3652 fetched successfully. Response time: 15.93 ms
2025-08-29 18:04:42,762 - DEBUG - services.user_service - update_profile - Attempting to update profile for user 1181 with data: {'pref': 'dark'}
2025-08-29 18:04:42,827 - INFO - services.user_service - update_profile - Profile for user 1181 updated successfully.
2025-08-29 18:04:42,827 - DEBUG - services.network_client - request - Making request to http://external-api.com/data
2025-08-29 18:04:42,890 - INFO - services.network_client - request - Request to http://external-api.com/data completed successfully. Response time: 62.35 ms
2025-08-29 18:04:42,891 - DEBUG - services.payment_service - refund_payment - Attempting refund for transaction txn_47245
2025-08-29 18:04:42,937 - INFO - services.payment_service - refund_payment - Refund for transaction txn_47245 processed.
2025-08-29 18:04:42,937 - DEBUG - services.payment_service - refund_payment - Attempting refund for transaction txn_46946
2025-08-29 18:04:42,999 - INFO - services.payment_service - refund_payment - Refund for transaction txn_46946 processed.
2025-08-29 18:04:42,999 - DEBUG - services.user_service - update_profile - Attempting to update profile for user 4779 with data: {'pref': 'light'}
2025-08-29 18:04:43,062 - INFO - services.user_service - update_profile - Profile for user 4779 updated successfully.
2025-08-29 18:04:43,062 - DEBUG - services.db_connector - check_connection - Database connection check successful: Connection healthy.
2025-08-29 18:04:43,063 - DEBUG - services.network_client - request - Making request to http://config-server/status
2025-08-29 18:04:43,124 - INFO - services.network_client - request - Request to http://config-server/status completed successfully. Response time: 61.50 ms
2025-08-29 18:04:43,125 - DEBUG - services.payment_service - process_payment - Attempting payment of 20.536020171396775 for user 4015
2025-08-29 18:04:43,234 - INFO - services.payment_service - process_payment - Payment of 20.536020171396775 for user 4015 processed successfully. Response time: 108.40 ms
2025-08-29 18:04:43,234 - DEBUG - services.db_connector - check_connection - Database connection check successful: Connection healthy.
2025-08-29 18:04:43,249 - DEBUG - services.user_service - update_profile - Attempting to update profile for user 1486 with data: {'pref': 'light'}
2025-08-29 18:04:43,296 - INFO - services.user_service - update_profile - Profile for user 1486 updated successfully.
2025-08-29 18:04:43,296 - DEBUG - services.payment_service - refund_payment - Attempting refund for transaction txn_11334
2025-08-29 18:04:43,342 - INFO - services.payment_service - refund_payment - Refund for transaction txn_11334 processed.
2025-08-29 18:04:43,342 - DEBUG - services.payment_service - refund_payment - Attempting refund for transaction txn_75451
2025-08-29 18:04:43,435 - INFO - services.payment_service - refund_payment - Refund for transaction txn_75451 processed.
2025-08-29 18:04:43,435 - DEBUG - services.user_service - update_profile - Attempting to update profile for user 4082 with data: {'pref': 'system'}
2025-08-29 18:04:43,481 - INFO - services.user_service - update_profile - Profile for user 4082 updated successfully.
2025-08-29 18:04:43,481 - DEBUG - services.payment_service - process_payment - Attempting payment of 255.05714173294442 for user 4798
2025-08-29 18:04:43,575 - INFO - services.payment_service - process_payment - Payment of 255.05714173294442 for user 4798 processed successfully. Response time: 93.22 ms
2025-08-29 18:04:43,575 - DEBUG - services.db_connector - check_connection - Database connection check successful: Connection healthy.
2025-08-29 18:04:43,575 - DEBUG - services.user_service - get_user - Attempting to fetch user 1060
2025-08-29 18:04:43,637 - INFO - services.user_service - get_user - User 1060 fetched successfully. Response time: 61.91 ms
2025-08-29 18:04:43,637 - DEBUG - services.db_connector - check_connection - Database connection check successful: Connection healthy.
2025-08-29 18:04:43,637 - DEBUG - services.user_service - get_user - Attempting to fetch user 2674
2025-08-29 18:04:43,698 - INFO - services.user_service - get_user - User 2674 fetched successfully. Response time: 61.95 ms
2025-08-29 18:04:43,698 - DEBUG - services.network_client - request - Making request to http://external-api.com/data
2025-08-29 18:04:43,776 - INFO - services.network_client - request - Request to http://external-api.com/data completed successfully. Response time: 77.78 ms
2025-08-29 18:04:43,792 - DEBUG - services.user_service - update_profile - Attempting to update profile for user 2519 with data: {'pref': 'light'}
2025-08-29 18:04:43,854 - INFO - services.user_service - update_profile - Profile for user 2519 updated successfully.
2025-08-29 18:04:43,854 - DEBUG - services.payment_service - refund_payment - Attempting refund for transaction txn_52190
2025-08-29 18:04:43,917 - INFO - services.payment_service - refund_payment - Refund for transaction txn_52190 processed.
2025-08-29 18:04:43,917 - DEBUG - services.network_client - request - Making request to http://config-server/status
2025-08-29 18:04:44,232 - WARNING - services.network_client - request - High latency detected for request to http://config-server/status. Response time: 314.80 ms
2025-08-29 18:04:44,232 - DEBUG - services.network_client - request - Making request to http://config-server/status
2025-08-29 18:04:44,294 - INFO - services.network_client - request - Request to http://config-server/status completed successfully. Response time: 62.55 ms
2025-08-29 18:04:44,294 - DEBUG - services.payment_service - refund_payment - Attempting refund for transaction txn_89285
2025-08-29 18:04:44,387 - INFO - services.payment_service - refund_payment - Refund for transaction txn_89285 processed.
2025-08-29 18:04:44,387 - DEBUG - services.network_client - request - Making request to http://config-server/status
2025-08-29 18:04:44,827 - WARNING - services.network_client - request - High latency detected for request to http://config-server/status. Response time: 440.25 ms
2025-08-29 18:04:44,827 - DEBUG - services.user_service - get_user - Attempting to fetch user 3269
2025-08-29 18:04:44,857 - INFO - services.user_service - get_user - User 3269 fetched successfully. Response time: 30.22 ms
2025-08-29 18:04:44,857 - DEBUG - services.user_service - get_user - Attempting to fetch user 1671
2025-08-29 18:04:44,904 - INFO - services.user_service - get_user - User 1671 fetched successfully. Response time: 46.98 ms
2025-08-29 18:04:44,904 - DEBUG - services.user_service - update_profile - Attempting to update profile for user 3081 with data: {'pref': 'dark'}
2025-08-29 18:04:44,984 - INFO - services.user_service - update_profile - Profile for user 3081 updated successfully.
2025-08-29 18:04:44,984 - DEBUG - services.db_connector - query - Executing query: DELETE FROM sessions WHERE last_seen < NOW() - int...
2025-08-29 18:04:45,047 - INFO - services.db_connector - query - Query executed successfully.
2025-08-29 18:04:45,078 - DEBUG - services.db_connector - check_connection - Database connection check successful: Connection healthy.
2025-08-29 18:04:45,078 - DEBUG - services.db_connector - check_connection - Database connection check successful: Connection healthy.
2025-08-29 18:04:45,078 - DEBUG - services.payment_service - refund_payment - Attempting refund for transaction txn_82438
2025-08-29 18:04:45,126 - INFO - services.payment_service - refund_payment - Refund for transaction txn_82438 processed.
2025-08-29 18:04:45,126 - DEBUG - services.user_service - get_user - Attempting to fetch user 3245
2025-08-29 18:04:45,158 - INFO - services.user_service - get_user - User 3245 fetched successfully. Response time: 31.99 ms
2025-08-29 18:04:45,158 - DEBUG - services.db_connector - check_connection - Database connection check successful: Connection healthy.
2025-08-29 18:04:45,158 - DEBUG - services.payment_service - process_payment - Attempting payment of 7.707218783932809 for user 3087
2025-08-29 18:04:45,268 - INFO - services.payment_service - process_payment - Payment of 7.707218783932809 for user 3087 processed successfully. Response time: 110.32 ms
2025-08-29 18:04:45,268 - DEBUG - services.user_service - get_user - Attempting to fetch user 3037
2025-08-29 18:04:45,300 - INFO - services.user_service - get_user - User 3037 fetched successfully. Response time: 31.93 ms
2025-08-29 18:04:45,300 - DEBUG - services.payment_service - refund_payment - Attempting refund for transaction txn_33778
2025-08-29 18:04:45,394 - INFO - services.payment_service - refund_payment - Refund for transaction txn_33778 processed.
2025-08-29 18:04:45,394 - DEBUG - services.user_service - get_user - Attempting to fetch user 2255
2025-08-29 18:04:45,441 - INFO - services.user_service - get_user - User 2255 fetched successfully. Response time: 47.10 ms
2025-08-29 18:04:45,441 - DEBUG - services.user_service - get_user - Attempting to fetch user 2568
2025-08-29 18:04:45,471 - INFO - services.user_service - get_user - User 2568 fetched successfully. Response time: 30.24 ms
2025-08-29 18:04:45,502 - DEBUG - services.db_connector - check_connection - Database connection check successful: Connection healthy.
2025-08-29 18:04:45,502 - DEBUG - services.db_connector - query - Executing query: SELECT * FROM users WHERE id = %s...
2025-08-29 18:04:45,564 - INFO - services.db_connector - query - Query executed successfully.
2025-08-29 18:04:45,564 - DEBUG - services.payment_service - refund_payment - Attempting refund for transaction txn_46307
2025-08-29 18:04:45,657 - INFO - services.payment_service - refund_payment - Refund for transaction txn_46307 processed.
2025-08-29 18:04:45,657 - DEBUG - services.db_connector - query - Executing query: DELETE FROM sessions WHERE last_seen < NOW() - int...
2025-08-29 18:04:45,719 - INFO - services.db_connector - query - Query executed successfully.
2025-08-29 18:04:45,719 - DEBUG - services.user_service - update_profile - Attempting to update profile for user 1270 with data: {'pref': 'light'}
2025-08-29 18:04:45,750 - WARNING - services.user_service - update_profile - Profile update for user 1270 took longer than expected.
2025-08-29 18:04:45,750 - INFO - services.user_service - update_profile - Profile for user 1270 updated successfully.
2025-08-29 18:04:45,750 - DEBUG - services.user_service - get_user - Attempting to fetch user 4656
2025-08-29 18:04:45,781 - INFO - services.user_service - get_user - User 4656 fetched successfully. Response time: 30.80 ms
2025-08-29 18:04:45,781 - DEBUG - services.user_service - update_profile - Attempting to update profile for user 3543 with data: {'pref': 'system'}
2025-08-29 18:04:45,844 - INFO - services.user_service - update_profile - Profile for user 3543 updated successfully.
2025-08-29 18:04:45,844 - DEBUG - services.db_connector - check_connection - Database connection check successful: Connection healthy.
2025-08-29 18:04:45,844 - DEBUG - services.db_connector - query - Executing query: DELETE FROM sessions WHERE last_seen < NOW() - int...
2025-08-29 18:04:45,890 - INFO - services.db_connector - query - Query executed successfully.
2025-08-29 18:04:45,892 - DEBUG - services.user_service - get_user - Attempting to fetch user 3454
2025-08-29 18:04:45,921 - INFO - services.user_service - get_user - User 3454 fetched successfully. Response time: 29.62 ms
2025-08-29 18:04:45,936 - DEBUG - services.payment_service - refund_payment - Attempting refund for transaction txn_72136
2025-08-29 18:04:46,013 - INFO - services.payment_service - refund_payment - Refund for transaction txn_72136 processed.
2025-08-29 18:04:46,013 - DEBUG - services.db_connector - query - Executing query: INSERT INTO audit(event) VALUES('login')...
2025-08-29 18:04:46,028 - INFO - services.db_connector - query - Query executed successfully.
2025-08-29 18:04:46,028 - DEBUG - services.payment_service - refund_payment - Attempting refund for transaction txn_39549
2025-08-29 18:04:46,106 - INFO - services.payment_service - refund_payment - Refund for transaction txn_39549 processed.
2025-08-29 18:04:46,106 - DEBUG - services.db_connector - query - Executing query: DELETE FROM sessions WHERE last_seen < NOW() - int...
2025-08-29 18:04:46,153 - INFO - services.db_connector - query - Query executed successfully.
2025-08-29 18:04:46,153 - DEBUG - services.db_connector - check_connection - Database connection check successful: Connection healthy.
2025-08-29 18:04:46,153 - DEBUG - services.db_connector - query - Executing query: INSERT INTO audit(event) VALUES('login')...
2025-08-29 18:04:46,169 - INFO - services.db_connector - query - Query executed successfully.
2025-08-29 18:04:46,169 - DEBUG - services.payment_service - process_payment - Attempting payment of 466.3458466909312 for user 1134
2025-08-29 18:04:46,294 - INFO - services.payment_service - process_payment - Payment of 466.3458466909312 for user 1134 processed successfully. Response time: 125.17 ms
2025-08-29 18:04:46,294 - DEBUG - services.payment_service - refund_payment - Attempting refund for transaction txn_11057
2025-08-29 18:04:46,340 - INFO - services.payment_service - refund_payment - Refund for transaction txn_11057 processed.
2025-08-29 18:04:46,341 - DEBUG - services.user_service - get_user - Attempting to fetch user 2814
2025-08-29 18:04:46,386 - INFO - services.user_service - get_user - User 2814 fetched successfully. Response time: 45.01 ms
2025-08-29 18:04:46,387 - DEBUG - services.db_connector - check_connection - Database connection check successful: Connection healthy.
2025-08-29 18:04:46,402 - DEBUG - services.payment_service - process_payment - Attempting payment of 370.47921374894304 for user 1892
2025-08-29 18:04:46,542 - INFO - services.payment_service - process_payment - Payment of 370.47921374894304 for user 1892 processed successfully. Response time: 140.03 ms
2025-08-29 18:04:46,543 - DEBUG - services.db_connector - query - Executing query: INSERT INTO audit(event) VALUES('login')...
2025-08-29 18:04:46,604 - INFO - services.db_connector - query - Query executed successfully.
2025-08-29 18:04:46,604 - DEBUG - services.user_service - update_profile - Attempting to update profile for user 1032 with data: {'pref': 'dark'}
2025-08-29 18:04:46,652 - INFO - services.user_service - update_profile - Profile for user 1032 updated successfully.
2025-08-29 18:04:46,652 - DEBUG - services.db_connector - query - Executing query: SELECT * FROM users WHERE id = %s...
2025-08-29 18:04:46,683 - INFO - services.db_connector - query - Query executed successfully.
2025-08-29 18:04:46,684 - DEBUG - services.db_connector - check_connection - Database connection check successful: Connection healthy.
2025-08-29 18:04:46,684 - DEBUG - services.user_service - get_user - Attempting to fetch user 2542
2025-08-29 18:04:46,713 - INFO - services.user_service - get_user - User 2542 fetched successfully. Response time: 29.71 ms
2025-08-29 18:04:46,713 - DEBUG - services.db_connector - check_connection - Database connection check successful: Connection healthy.
2025-08-29 18:04:46,713 - DEBUG - services.user_service - get_user - Attempting to fetch user 4397
2025-08-29 18:04:46,744 - INFO - services.user_service - get_user - User 4397 fetched successfully. Response time: 30.75 ms
2025-08-29 18:04:46,744 - DEBUG - services.payment_service - process_payment - Attempting payment of 196.52493573948638 for user 1614
2025-08-29 18:04:46,901 - INFO - services.payment_service - process_payment - Payment of 196.52493573948638 for user 1614 processed successfully. Response time: 156.43 ms
2025-08-29 18:04:46,901 - DEBUG - services.payment_service - refund_payment - Attempting refund for transaction txn_36202
2025-08-29 18:04:46,962 - INFO - services.payment_service - refund_payment - Refund for transaction txn_36202 processed.
2025-08-29 18:04:46,978 - DEBUG - services.db_connector - query - Executing query: SELECT * FROM users WHERE id = %s...
2025-08-29 18:04:47,024 - INFO - services.db_connector - query - Query executed successfully.
2025-08-29 18:04:47,024 - DEBUG - services.db_connector - query - Executing query: SELECT * FROM users WHERE id = %s...
2025-08-29 18:04:47,086 - INFO - services.db_connector - query - Query executed successfully.
2025-08-29 18:04:47,086 - DEBUG - services.user_service - get_user - Attempting to fetch user 1892
2025-08-29 18:04:47,132 - INFO - services.user_service - get_user - User 1892 fetched successfully. Response time: 46.24 ms
2025-08-29 18:04:47,132 - DEBUG - services.user_service - get_user - Attempting to fetch user 2772
2025-08-29 18:04:47,163 - INFO - services.user_service - get_user - User 2772 fetched successfully. Response time: 30.93 ms
2025-08-29 18:04:47,163 - DEBUG - services.payment_service - process_payment - Attempting payment of 362.8866129231166 for user 1111
2025-08-29 18:04:47,320 - INFO - services.payment_service - process_payment - Payment of 362.8866129231166 for user 1111 processed successfully. Response time: 157.12 ms
2025-08-29 18:04:47,321 - DEBUG - services.payment_service - process_payment - Attempting payment of 20.92018952979652 for user 3035
2025-08-29 18:04:47,444 - INFO - services.payment_service - process_payment - Payment of 20.92018952979652 for user 3035 processed successfully. Response time: 122.40 ms
2025-08-29 18:04:47,444 - DEBUG - services.payment_service - process_payment - Attempting payment of 349.09029312494926 for user 2461
2025-08-29 18:04:49,030 - WARNING - services.payment_service - process_payment - Unusual delay detected processing payment for user 2461
2025-08-29 18:04:49,030 - INFO - services.payment_service - process_payment - Payment of 349.09029312494926 for user 2461 processed successfully. Response time: 1586.50 ms
2025-08-29 18:04:49,030 - DEBUG - services.network_client - request - Making request to http://partner-service.net/info
2025-08-29 18:04:49,076 - INFO - services.network_client - request - Request to http://partner-service.net/info completed successfully. Response time: 46.20 ms
2025-08-29 18:04:49,076 - DEBUG - services.db_connector - check_connection - Database connection check successful: Connection healthy.
2025-08-29 18:04:49,076 - DEBUG - services.user_service - get_user - Attempting to fetch user 4722
2025-08-29 18:04:49,107 - INFO - services.user_service - get_user - User 4722 fetched successfully. Response time: 30.93 ms
2025-08-29 18:04:49,138 - DEBUG - services.db_connector - check_connection - Database connection check successful: Connection healthy.
2025-08-29 18:04:49,138 - DEBUG - services.payment_service - process_payment - Attempting payment of 258.12096253536663 for user 1622
2025-08-29 18:04:49,933 - WARNING - services.payment_service - process_payment - Unusual delay detected processing payment for user 1622
2025-08-29 18:04:49,933 - INFO - services.payment_service - process_payment - Payment of 258.12096253536663 for user 1622 processed successfully. Response time: 795.15 ms
2025-08-29 18:04:49,933 - DEBUG - services.payment_service - process_payment - Attempting payment of 96.20512981759121 for user 1995
2025-08-29 18:04:51,284 - WARNING - services.payment_service - process_payment - Unusual delay detected processing payment for user 1995
2025-08-29 18:04:51,284 - INFO - services.payment_service - process_payment - Payment of 96.20512981759121 for user 1995 processed successfully. Response time: 1351.46 ms
2025-08-29 18:04:51,284 - DEBUG - services.user_service - get_user - Attempting to fetch user 3243
2025-08-29 18:04:51,331 - INFO - services.user_service - get_user - User 3243 fetched successfully. Response time: 46.81 ms
2025-08-29 18:04:51,331 - DEBUG - services.db_connector - query - Executing query: UPDATE payments SET status='OK' WHERE id = %s...
2025-08-29 18:04:51,377 - INFO - services.db_connector - query - Query executed successfully.
2025-08-29 18:04:51,377 - DEBUG - services.db_connector - query - Executing query: UPDATE payments SET status='OK' WHERE id = %s...
2025-08-29 18:04:51,424 - INFO - services.db_connector - query - Query executed successfully.
2025-08-29 18:04:51,424 - DEBUG - services.payment_service - process_payment - Attempting payment of 232.28266351289076 for user 4498
2025-08-29 18:04:51,487 - INFO - services.payment_service - process_payment - Payment of 232.28266351289076 for user 4498 processed successfully. Response time: 63.40 ms
2025-08-29 18:04:51,487 - DEBUG - services.payment_service - process_payment - Attempting payment of 55.97929148498576 for user 1500
2025-08-29 18:04:51,613 - INFO - services.payment_service - process_payment - Payment of 55.97929148498576 for user 1500 processed successfully. Response time: 125.48 ms
2025-08-29 18:04:51,613 - DEBUG - services.payment_service - refund_payment - Attempting refund for transaction txn_15653
2025-08-29 18:04:51,660 - INFO - services.payment_service - refund_payment - Refund for transaction txn_15653 processed.
2025-08-29 18:04:51,661 - DEBUG - services.user_service - get_user - Attempting to fetch user 4564
2025-08-29 18:04:51,722 - INFO - services.user_service - get_user - User 4564 fetched successfully. Response time: 61.09 ms
2025-08-29 18:04:51,737 - DEBUG - services.user_service - get_user - Attempting to fetch user 3125
2025-08-29 18:04:51,798 - INFO - services.user_service - get_user - User 3125 fetched successfully. Response time: 61.10 ms
2025-08-29 18:04:51,798 - DEBUG - services.user_service - update_profile - Attempting to update profile for user 2332 with data: {'pref': 'system'}
2025-08-29 18:04:51,860 - INFO - services.user_service - update_profile - Profile for user 2332 updated successfully.
2025-08-29 18:04:51,860 - DEBUG - services.user_service - update_profile - Attempting to update profile for user 3603 with data: {'pref': 'light'}
2025-08-29 18:04:51,922 - INFO - services.user_service - update_profile - Profile for user 3603 updated successfully.
2025-08-29 18:04:51,922 - DEBUG - services.db_connector - check_connection - Database connection check successful: Connection healthy.
2025-08-29 18:04:51,922 - DEBUG - services.payment_service - process_payment - Attempting payment of 296.32738472816357 for user 3601
2025-08-29 18:04:52,047 - INFO - services.payment_service - process_payment - Payment of 296.32738472816357 for user 3601 processed successfully. Response time: 124.87 ms
2025-08-29 18:04:52,047 - DEBUG - services.network_client - request - Making request to http://partner-service.net/info
2025-08-29 18:04:52,077 - INFO - services.network_client - request - Request to http://partner-service.net/info completed successfully. Response time: 30.89 ms
2025-08-29 18:04:52,077 - DEBUG - services.db_connector - query - Executing query: INSERT INTO audit(event) VALUES('login')...
2025-08-29 18:04:52,140 - INFO - services.db_connector - query - Query executed successfully.
2025-08-29 18:04:52,141 - DEBUG - services.db_connector - query - Executing query: INSERT INTO audit(event) VALUES('login')...
2025-08-29 18:04:52,155 - INFO - services.db_connector - query - Query executed successfully.
2025-08-29 18:04:52,155 - DEBUG - services.network_client - request - Making request to http://config-server/status
2025-08-29 18:04:52,186 - INFO - services.network_client - request - Request to http://config-server/status completed successfully. Response time: 30.58 ms
2025-08-29 18:04:52,186 - DEBUG - services.payment_service - process_payment - Attempting payment of 483.8426270750485 for user 3704
2025-08-29 18:04:52,248 - INFO - services.payment_service - process_payment - Payment of 483.8426270750485 for user 3704 processed successfully. Response time: 62.54 ms
2025-08-29 18:04:52,263 - DEBUG - services.user_service - update_profile - Attempting to update profile for user 3642 with data: {'pref': 'dark'}
2025-08-29 18:04:52,310 - WARNING - services.user_service - update_profile - Profile update for user 3642 took longer than expected.
2025-08-29 18:04:52,310 - INFO - services.user_service - update_profile - Profile for user 3642 updated successfully.
2025-08-29 18:04:52,310 - DEBUG - services.user_service - get_user - Attempting to fetch user 1294
2025-08-29 18:04:52,372 - INFO - services.user_service - get_user - User 1294 fetched successfully. Response time: 62.85 ms
2025-08-29 18:04:52,373 - DEBUG - services.payment_service - process_payment - Attempting payment of 163.4711016674693 for user 1361
2025-08-29 18:04:53,212 - WARNING - services.payment_service - process_payment - Unusual delay detected processing payment for user 1361
2025-08-29 18:04:53,212 - INFO - services.payment_service - process_payment - Payment of 163.4711016674693 for user 1361 processed successfully. Response time: 838.22 ms
2025-08-29 18:04:53,212 - DEBUG - services.payment_service - refund_payment - Attempting refund for transaction txn_19991
2025-08-29 18:04:53,303 - INFO - services.payment_service - refund_payment - Refund for transaction txn_19991 processed.
2025-08-29 18:04:53,303 - DEBUG - services.user_service - update_profile - Attempting to update profile for user 4992 with data: {'pref': 'light'}
2025-08-29 18:04:53,380 - INFO - services.user_service - update_profile - Profile for user 4992 updated successfully.
2025-08-29 18:04:53,381 - DEBUG - services.payment_service - refund_payment - Attempting refund for transaction txn_10505
2025-08-29 18:04:53,442 - INFO - services.payment_service - refund_payment - Refund for transaction txn_10505 processed.
2025-08-29 18:04:53,442 - DEBUG - services.payment_service - process_payment - Attempting payment of 326.22714180874203 for user 1376
2025-08-29 18:04:53,549 - INFO - services.payment_service - process_payment - Payment of 326.22714180874203 for user 1376 processed successfully. Response time: 107.63 ms
2025-08-29 18:04:53,550 - DEBUG - services.payment_service - process_payment - Attempting payment of 222.30776464342838 for user 3027
2025-08-29 18:04:53,674 - INFO - services.payment_service - process_payment - Payment of 222.30776464342838 for user 3027 processed successfully. Response time: 123.76 ms
2025-08-29 18:04:53,675 - DEBUG - services.db_connector - check_connection - Database connection check successful: Connection healthy.
2025-08-29 18:04:53,675 - DEBUG - services.user_service - update_profile - Attempting to update profile for user 3025 with data: {'pref': 'system'}
2025-08-29 18:04:53,735 - INFO - services.user_service - update_profile - Profile for user 3025 updated successfully.
2025-08-29 18:04:53,751 - INFO - __main__ - run_simulation - Simulation finished after 15.28 seconds.
2025-08-29 18:04:53,751 - INFO - __main__ - run_simulation - Total operations simulated: 170
